Created by PLY version 3.4 (http://www.dabeaz.com/ply)

Unused terminals:

    CONST
    DEFAULT
    COLON
    CCONST
    AND
    TYPEID
    RBRACKET
    LBRACKET
    OR

Grammar

Rule 0     S' -> translation_unit
Rule 1     translation_unit -> external_declaration
Rule 2     translation_unit -> translation_unit external_declaration
Rule 3     external_declaration -> function_definition
Rule 4     external_declaration -> statement
Rule 5     function_definition -> type ID LPAREN parameter_declaration_list RPAREN LBRACE statement_list RBRACE
Rule 6     function_definition -> type ID LPAREN parameter_declaration_list RPAREN LBRACE RBRACE
Rule 7     parameter_list -> expression
Rule 8     parameter_list -> parameter_list COMMA expression
Rule 9     parameter_declaration_list -> parameter_declaration
Rule 10    parameter_declaration_list -> parameter_declaration_list COMMA parameter_declaration
Rule 11    parameter_declaration -> type ID
Rule 12    parameter_declaration -> type ID EQUALS assignment_expression
Rule 13    type -> INT
Rule 14    type -> DOUBLE
Rule 15    type -> CHAR
Rule 16    type -> STRING
Rule 17    type -> KEY
Rule 18    type -> BOOLEAN
Rule 19    type -> VOID
Rule 20    statement -> expression_statement
Rule 21    statement -> compound_statement
Rule 22    statement -> declaration_statement
Rule 23    statement -> selection_statement
Rule 24    statement -> iteration_statement
Rule 25    statement -> return_statement
Rule 26    statement -> break_statement
Rule 27    statement -> continue_statement
Rule 28    iteration_statement -> REPEAT LPAREN expression RPAREN LBRACE statement_list RBRACE
Rule 29    iteration_statement -> UNTIL LPAREN expression RPAREN LBRACE statement_list RBRACE
Rule 30    selection_statement -> IF LPAREN expression RPAREN LBRACE statement_list RBRACE
Rule 31    selection_statement -> IF LPAREN expression RPAREN LBRACE statement_list RBRACE ELSE LBRACE statement_list RBRACE
Rule 32    declaration_statement -> type ID SEMI
Rule 33    declaration_statement -> type ID EQUALS assignment_expression SEMI
Rule 34    more_declaration -> COMMA ID more_declaration
Rule 35    more_declaration -> COMMA ID EQUALS assignment_expression more_declaration
Rule 36    more_declaration -> empty
Rule 37    compound_statement -> LBRACE RBRACE
Rule 38    compound_statement -> LBRACE statement_list RBRACE
Rule 39    expression_statement -> expression SEMI
Rule 40    expression_statement -> SEMI
Rule 41    expression -> assignment_expression
Rule 42    expression -> LPAREN expression RPAREN
Rule 43    function_expression -> ID LPAREN parameter_list RPAREN
Rule 44    assignment_expression -> ID EQUALS assignment_expression
Rule 45    assignment_expression -> logical_NOT_expression EQUALS assignment_expression
Rule 46    assignment_expression -> logical_NOT_expression
Rule 47    assignment_expression -> function_expression
Rule 48    logical_NOT_expression -> logical_OR_expression
Rule 49    logical_NOT_expression -> LNOT logical_OR_expression
Rule 50    logical_OR_expression -> logical_AND_expression
Rule 51    logical_OR_expression -> logical_OR_expression LOR logical_AND_expression
Rule 52    logical_AND_expression -> equality_expression
Rule 53    logical_AND_expression -> logical_AND_expression LAND equality_expression
Rule 54    equality_expression -> relational_expression
Rule 55    equality_expression -> equality_expression EQ relational_expression
Rule 56    equality_expression -> equality_expression NE relational_expression
Rule 57    relational_expression -> additive_expression
Rule 58    relational_expression -> relational_expression LT additive_expression
Rule 59    relational_expression -> relational_expression GT additive_expression
Rule 60    relational_expression -> relational_expression LE additive_expression
Rule 61    relational_expression -> relational_expression GE additive_expression
Rule 62    additive_expression -> multiplicative_expression
Rule 63    additive_expression -> additive_expression PLUS multiplicative_expression
Rule 64    additive_expression -> additive_expression MINUS multiplicative_expression
Rule 65    multiplicative_expression -> primary_expression
Rule 66    multiplicative_expression -> multiplicative_expression TIMES primary_expression
Rule 67    multiplicative_expression -> multiplicative_expression DIVIDE primary_expression
Rule 68    statement_list -> statement
Rule 69    statement_list -> statement_list statement
Rule 70    primary_expression -> LPAREN expression RPAREN
Rule 71    primary_expression -> constant
Rule 72    primary_expression -> ID
Rule 73    primary_expression -> reserved
Rule 74    primary_expression -> empty
Rule 75    constant -> ICONST
Rule 76    constant -> FCONST
Rule 77    constant -> SCONST
Rule 78    constant -> MINUS ICONST
Rule 79    constant -> TRUE
Rule 80    constant -> FALSE
Rule 81    reserved -> ENTER
Rule 82    reserved -> SPACE
Rule 83    return_statement -> RETURN SEMI
Rule 84    return_statement -> RETURN expression SEMI
Rule 85    break_statement -> BREAK SEMI
Rule 86    continue_statement -> CONTINUE SEMI
Rule 87    empty -> <empty>

Terminals, with rules where they appear

AND                  : 
BOOLEAN              : 18
BREAK                : 85
CCONST               : 
CHAR                 : 15
COLON                : 
COMMA                : 8 10 34 35
CONST                : 
CONTINUE             : 86
DEFAULT              : 
DIVIDE               : 67
DOUBLE               : 14
ELSE                 : 31
ENTER                : 81
EQ                   : 55
EQUALS               : 12 33 35 44 45
FALSE                : 80
FCONST               : 76
GE                   : 61
GT                   : 59
ICONST               : 75 78
ID                   : 5 6 11 12 32 33 34 35 43 44 72
IF                   : 30 31
INT                  : 13
KEY                  : 17
LAND                 : 53
LBRACE               : 5 6 28 29 30 31 31 37 38
LBRACKET             : 
LE                   : 60
LNOT                 : 49
LOR                  : 51
LPAREN               : 5 6 28 29 30 31 42 43 70
LT                   : 58
MINUS                : 64 78
NE                   : 56
OR                   : 
PLUS                 : 63
RBRACE               : 5 6 28 29 30 31 31 37 38
RBRACKET             : 
REPEAT               : 28
RETURN               : 83 84
RPAREN               : 5 6 28 29 30 31 42 43 70
SCONST               : 77
SEMI                 : 32 33 39 40 83 84 85 86
STRING               : 16
TIMES                : 66
TRUE                 : 79
TYPEID               : 
UNTIL                : 29
VOID                 : 19
error                : 

Nonterminals, with rules where they appear

SPACE                : 82
additive_expression  : 57 58 59 60 61 63 64
assignment_expression : 12 33 35 41 44 45
break_statement      : 26
compound_statement   : 21
constant             : 71
continue_statement   : 27
declaration_statement : 22
empty                : 36 74
equality_expression  : 52 53 55 56
expression           : 7 8 28 29 30 31 39 42 70 84
expression_statement : 20
external_declaration : 1 2
function_definition  : 3
function_expression  : 47
iteration_statement  : 24
logical_AND_expression : 50 51 53
logical_NOT_expression : 45 46
logical_OR_expression : 48 49 51
more_declaration     : 34 35
multiplicative_expression : 62 63 64 66 67
parameter_declaration : 9 10
parameter_declaration_list : 5 6 10
parameter_list       : 8 43
primary_expression   : 65 66 67
relational_expression : 54 55 56 58 59 60 61
reserved             : 73
return_statement     : 25
selection_statement  : 23
statement            : 4 68 69
statement_list       : 5 28 29 30 31 31 38 69
translation_unit     : 2 0
type                 : 5 6 11 12 32 33

